
> stitch_admin_dashboard_atjj_dojo_v4@0.0.0 build
> tsc -b && vite build

src/components/LeaderboardCard.tsx(13,11): error TS6133: 'getMedalColor' is declared but its value is never read.
